ARM GAS  C:\Users\Tim\AppData\Local\Temp\ccnva8GR.s 			page 1


   1              		.cpu cortex-m4
   2              		.arch armv7e-m
   3              		.fpu fpv4-sp-d16
   4              		.eabi_attribute 27, 1
   5              		.eabi_attribute 28, 1
   6              		.eabi_attribute 20, 1
   7              		.eabi_attribute 21, 1
   8              		.eabi_attribute 23, 3
   9              		.eabi_attribute 24, 1
  10              		.eabi_attribute 25, 1
  11              		.eabi_attribute 26, 1
  12              		.eabi_attribute 30, 1
  13              		.eabi_attribute 34, 1
  14              		.eabi_attribute 18, 4
  15              		.file	"main.c"
  16              		.text
  17              	.Ltext0:
  18              		.cfi_sections	.debug_frame
  19              		.file 1 "Core/Src/main.c"
  20              		.section	.text.main,"ax",%progbits
  21              		.align	1
  22              		.global	main
  23              		.syntax unified
  24              		.thumb
  25              		.thumb_func
  27              	main:
  28              	.LFB130:
   1:Core/Src/main.c **** #include "init.h"
   2:Core/Src/main.c **** int main(void)
   3:Core/Src/main.c **** {
  29              		.loc 1 3 1 view -0
  30              		.cfi_startproc
  31              		@ Volatile: function does not return.
  32              		@ args = 0, pretend = 0, frame = 0
  33              		@ frame_needed = 0, uses_anonymous_args = 0
  34 0000 08B5     		push	{r3, lr}
  35              	.LCFI0:
  36              		.cfi_def_cfa_offset 8
  37              		.cfi_offset 3, -8
  38              		.cfi_offset 14, -4
   4:Core/Src/main.c ****     RCC_Init();
  39              		.loc 1 4 5 view .LVU1
  40 0002 FFF7FEFF 		bl	RCC_Init
  41              	.LVL0:
   5:Core/Src/main.c ****     GPIO_Init();
  42              		.loc 1 5 5 view .LVU2
  43 0006 FFF7FEFF 		bl	GPIO_Init
  44              	.LVL1:
  45              	.L2:
   6:Core/Src/main.c ****     while(1)
  46              		.loc 1 6 5 view .LVU3
   7:Core/Src/main.c ****     {
   8:Core/Src/main.c ****         SET_BIT(GPIOB->BSRR, GPIO_BSRR_BS0);
  47              		.loc 1 8 9 view .LVU4
  48 000a 0E4B     		ldr	r3, .L4
  49 000c 9A69     		ldr	r2, [r3, #24]
  50 000e 42F00102 		orr	r2, r2, #1
ARM GAS  C:\Users\Tim\AppData\Local\Temp\ccnva8GR.s 			page 2


  51 0012 9A61     		str	r2, [r3, #24]
   9:Core/Src/main.c ****         SET_BIT(GPIOB->BSRR, GPIO_BSRR_BS7);
  52              		.loc 1 9 9 view .LVU5
  53 0014 9A69     		ldr	r2, [r3, #24]
  54 0016 42F08002 		orr	r2, r2, #128
  55 001a 9A61     		str	r2, [r3, #24]
  10:Core/Src/main.c ****         SET_BIT(GPIOB->BSRR, GPIO_BSRR_BS14);
  56              		.loc 1 10 9 view .LVU6
  57 001c 9A69     		ldr	r2, [r3, #24]
  58 001e 42F48042 		orr	r2, r2, #16384
  59 0022 9A61     		str	r2, [r3, #24]
  11:Core/Src/main.c ****         SET_BIT(GPIOD->BSRR, GPIO_BSRR_BS0);
  60              		.loc 1 11 9 view .LVU7
  61 0024 03F50063 		add	r3, r3, #2048
  62 0028 9A69     		ldr	r2, [r3, #24]
  63 002a 42F00102 		orr	r2, r2, #1
  64 002e 9A61     		str	r2, [r3, #24]
  12:Core/Src/main.c ****         SET_BIT(GPIOD->BSRR, GPIO_BSRR_BS1);
  65              		.loc 1 12 9 view .LVU8
  66 0030 9A69     		ldr	r2, [r3, #24]
  67 0032 42F00202 		orr	r2, r2, #2
  68 0036 9A61     		str	r2, [r3, #24]
  13:Core/Src/main.c ****         SET_BIT(GPIOD->BSRR, GPIO_BSRR_BS2);
  69              		.loc 1 13 9 discriminator 1 view .LVU9
  70 0038 9A69     		ldr	r2, [r3, #24]
  71 003a 42F00402 		orr	r2, r2, #4
  72 003e 9A61     		str	r2, [r3, #24]
   6:Core/Src/main.c ****     {
  73              		.loc 1 6 10 view .LVU10
  74 0040 E3E7     		b	.L2
  75              	.L5:
  76 0042 00BF     		.align	2
  77              	.L4:
  78 0044 00040240 		.word	1073873920
  79              		.cfi_endproc
  80              	.LFE130:
  82              		.text
  83              	.Letext0:
  84              		.file 2 "E:/Toolsformc/xpack-arm-none-eabi-gcc-13.2.1-1.1/arm-none-eabi/include/machine/_default_t
  85              		.file 3 "E:/Toolsformc/xpack-arm-none-eabi-gcc-13.2.1-1.1/arm-none-eabi/include/sys/_stdint.h"
  86              		.file 4 "CMSIS/Devices/STM32F4xx/Inc/STM32F429xx/stm32f429xx.h"
  87              		.file 5 "Core/Inc/init.h"
ARM GAS  C:\Users\Tim\AppData\Local\Temp\ccnva8GR.s 			page 3


DEFINED SYMBOLS
                            *ABS*:00000000 main.c
C:\Users\Tim\AppData\Local\Temp\ccnva8GR.s:21     .text.main:00000000 $t
C:\Users\Tim\AppData\Local\Temp\ccnva8GR.s:27     .text.main:00000000 main
C:\Users\Tim\AppData\Local\Temp\ccnva8GR.s:78     .text.main:00000044 $d

UNDEFINED SYMBOLS
RCC_Init
GPIO_Init
